Parsed test spec with 2 sessions

starting permutation: rxy1 wx1 c1 rxy2 wy2 c2
step rxy1: SELECT id, tsv FROM rum_tbl WHERE tsv @@ 'hx';
 id|tsv                                                                   
---+----------------------------------------------------------------------
 28|'aq':3 'eo':9 'ep':6 'fh':4 'hi':1 'hx':8 'jz':2 'pf':10 'xy':5 'zg':7
 96|'an':8 'be':9 'eo':5 'ep':2 'hx':4 'nw':7 'pf':6 'pv':10 'xy':1 'zg':3
163|'aq':5 'ep':8 'fh':6 'hi':3 'hx':10 'jz':4 'sa':1 'sr':2 'xy':7 'zg':9
231|'an':10 'aq':1 'eo':7 'ep':4 'fh':2 'hx':6 'nw':9 'pf':8 'xy':3 'zg':5
299|'an':6 'be':7 'eo':3 'hx':2 'jd':10 'nw':5 'pf':4 'pv':8 'sm':9 'zg':1
(5 rows)

step wx1: INSERT INTO rum_tbl(tsv) values('qh');
step c1: COMMIT;
step rxy2: SELECT id, tsv FROM rum_tbl WHERE tsv @@ 'qh';
 id|tsv                                                                   
---+----------------------------------------------------------------------
 10|'af':8 'iy':3 'kg':5 'ln':10 'lq':1 'po':7 'pp':4 'qh':2 'sx':6 'yw':9
 77|'da':3 'dr':4 'iy':9 'lq':7 'pp':10 'qh':8 'qj':2 'rs':1 'si':5 'uz':6
145|'af':10 'iy':5 'kg':7 'lq':3 'po':9 'pp':6 'qh':4 'si':1 'sx':8 'uz':2
212|'da':5 'dr':6 'hb':2 'kk':1 'lq':9 'qh':10 'qj':4 'rs':3 'si':7 'uz':8
280|'da':1 'dr':2 'iy':7 'kg':9 'lq':5 'pp':8 'qh':6 'si':3 'sx':10 'uz':4
339|'qh'                                                                  
(6 rows)

step wy2: INSERT INTO rum_tbl(tsv) values('hx');
step c2: COMMIT;

starting permutation: rxy1 wx1 rxy2 c1 wy2 c2
step rxy1: SELECT id, tsv FROM rum_tbl WHERE tsv @@ 'hx';
 id|tsv                                                                   
---+----------------------------------------------------------------------
 28|'aq':3 'eo':9 'ep':6 'fh':4 'hi':1 'hx':8 'jz':2 'pf':10 'xy':5 'zg':7
 96|'an':8 'be':9 'eo':5 'ep':2 'hx':4 'nw':7 'pf':6 'pv':10 'xy':1 'zg':3
163|'aq':5 'ep':8 'fh':6 'hi':3 'hx':10 'jz':4 'sa':1 'sr':2 'xy':7 'zg':9
231|'an':10 'aq':1 'eo':7 'ep':4 'fh':2 'hx':6 'nw':9 'pf':8 'xy':3 'zg':5
299|'an':6 'be':7 'eo':3 'hx':2 'jd':10 'nw':5 'pf':4 'pv':8 'sm':9 'zg':1
(5 rows)

step wx1: INSERT INTO rum_tbl(tsv) values('qh');
step rxy2: SELECT id, tsv FROM rum_tbl WHERE tsv @@ 'qh';
 id|tsv                                                                   
---+----------------------------------------------------------------------
 10|'af':8 'iy':3 'kg':5 'ln':10 'lq':1 'po':7 'pp':4 'qh':2 'sx':6 'yw':9
 77|'da':3 'dr':4 'iy':9 'lq':7 'pp':10 'qh':8 'qj':2 'rs':1 'si':5 'uz':6
145|'af':10 'iy':5 'kg':7 'lq':3 'po':9 'pp':6 'qh':4 'si':1 'sx':8 'uz':2
212|'da':5 'dr':6 'hb':2 'kk':1 'lq':9 'qh':10 'qj':4 'rs':3 'si':7 'uz':8
280|'da':1 'dr':2 'iy':7 'kg':9 'lq':5 'pp':8 'qh':6 'si':3 'sx':10 'uz':4
(5 rows)

step c1: COMMIT;
step wy2: INSERT INTO rum_tbl(tsv) values('hx');
step c2: COMMIT;

starting permutation: rxy1 wx1 rxy2 wy2 c1 c2
step rxy1: SELECT id, tsv FROM rum_tbl WHERE tsv @@ 'hx';
 id|tsv                                                                   
---+----------------------------------------------------------------------
 28|'aq':3 'eo':9 'ep':6 'fh':4 'hi':1 'hx':8 'jz':2 'pf':10 'xy':5 'zg':7
 96|'an':8 'be':9 'eo':5 'ep':2 'hx':4 'nw':7 'pf':6 'pv':10 'xy':1 'zg':3
163|'aq':5 'ep':8 'fh':6 'hi':3 'hx':10 'jz':4 'sa':1 'sr':2 'xy':7 'zg':9
231|'an':10 'aq':1 'eo':7 'ep':4 'fh':2 'hx':6 'nw':9 'pf':8 'xy':3 'zg':5
299|'an':6 'be':7 'eo':3 'hx':2 'jd':10 'nw':5 'pf':4 'pv':8 'sm':9 'zg':1
(5 rows)

step wx1: INSERT INTO rum_tbl(tsv) values('qh');
step rxy2: SELECT id, tsv FROM rum_tbl WHERE tsv @@ 'qh';
 id|tsv                                                                   
---+----------------------------------------------------------------------
 10|'af':8 'iy':3 'kg':5 'ln':10 'lq':1 'po':7 'pp':4 'qh':2 'sx':6 'yw':9
 77|'da':3 'dr':4 'iy':9 'lq':7 'pp':10 'qh':8 'qj':2 'rs':1 'si':5 'uz':6
145|'af':10 'iy':5 'kg':7 'lq':3 'po':9 'pp':6 'qh':4 'si':1 'sx':8 'uz':2
212|'da':5 'dr':6 'hb':2 'kk':1 'lq':9 'qh':10 'qj':4 'rs':3 'si':7 'uz':8
280|'da':1 'dr':2 'iy':7 'kg':9 'lq':5 'pp':8 'qh':6 'si':3 'sx':10 'uz':4
(5 rows)

step wy2: INSERT INTO rum_tbl(tsv) values('hx');
step c1: COMMIT;
step c2: COMMIT;

starting permutation: rxy1 wx1 rxy2 wy2 c2 c1
step rxy1: SELECT id, tsv FROM rum_tbl WHERE tsv @@ 'hx';
 id|tsv                                                                   
---+----------------------------------------------------------------------
 28|'aq':3 'eo':9 'ep':6 'fh':4 'hi':1 'hx':8 'jz':2 'pf':10 'xy':5 'zg':7
 96|'an':8 'be':9 'eo':5 'ep':2 'hx':4 'nw':7 'pf':6 'pv':10 'xy':1 'zg':3
163|'aq':5 'ep':8 'fh':6 'hi':3 'hx':10 'jz':4 'sa':1 'sr':2 'xy':7 'zg':9
231|'an':10 'aq':1 'eo':7 'ep':4 'fh':2 'hx':6 'nw':9 'pf':8 'xy':3 'zg':5
299|'an':6 'be':7 'eo':3 'hx':2 'jd':10 'nw':5 'pf':4 'pv':8 'sm':9 'zg':1
(5 rows)

step wx1: INSERT INTO rum_tbl(tsv) values('qh');
step rxy2: SELECT id, tsv FROM rum_tbl WHERE tsv @@ 'qh';
 id|tsv                                                                   
---+----------------------------------------------------------------------
 10|'af':8 'iy':3 'kg':5 'ln':10 'lq':1 'po':7 'pp':4 'qh':2 'sx':6 'yw':9
 77|'da':3 'dr':4 'iy':9 'lq':7 'pp':10 'qh':8 'qj':2 'rs':1 'si':5 'uz':6
145|'af':10 'iy':5 'kg':7 'lq':3 'po':9 'pp':6 'qh':4 'si':1 'sx':8 'uz':2
212|'da':5 'dr':6 'hb':2 'kk':1 'lq':9 'qh':10 'qj':4 'rs':3 'si':7 'uz':8
280|'da':1 'dr':2 'iy':7 'kg':9 'lq':5 'pp':8 'qh':6 'si':3 'sx':10 'uz':4
(5 rows)

step wy2: INSERT INTO rum_tbl(tsv) values('hx');
step c2: COMMIT;
step c1: COMMIT;

starting permutation: rxy1 rxy2 wx1 c1 wy2 c2
step rxy1: SELECT id, tsv FROM rum_tbl WHERE tsv @@ 'hx';
 id|tsv                                                                   
---+----------------------------------------------------------------------
 28|'aq':3 'eo':9 'ep':6 'fh':4 'hi':1 'hx':8 'jz':2 'pf':10 'xy':5 'zg':7
 96|'an':8 'be':9 'eo':5 'ep':2 'hx':4 'nw':7 'pf':6 'pv':10 'xy':1 'zg':3
163|'aq':5 'ep':8 'fh':6 'hi':3 'hx':10 'jz':4 'sa':1 'sr':2 'xy':7 'zg':9
231|'an':10 'aq':1 'eo':7 'ep':4 'fh':2 'hx':6 'nw':9 'pf':8 'xy':3 'zg':5
299|'an':6 'be':7 'eo':3 'hx':2 'jd':10 'nw':5 'pf':4 'pv':8 'sm':9 'zg':1
(5 rows)

step rxy2: SELECT id, tsv FROM rum_tbl WHERE tsv @@ 'qh';
 id|tsv                                                                   
---+----------------------------------------------------------------------
 10|'af':8 'iy':3 'kg':5 'ln':10 'lq':1 'po':7 'pp':4 'qh':2 'sx':6 'yw':9
 77|'da':3 'dr':4 'iy':9 'lq':7 'pp':10 'qh':8 'qj':2 'rs':1 'si':5 'uz':6
145|'af':10 'iy':5 'kg':7 'lq':3 'po':9 'pp':6 'qh':4 'si':1 'sx':8 'uz':2
212|'da':5 'dr':6 'hb':2 'kk':1 'lq':9 'qh':10 'qj':4 'rs':3 'si':7 'uz':8
280|'da':1 'dr':2 'iy':7 'kg':9 'lq':5 'pp':8 'qh':6 'si':3 'sx':10 'uz':4
(5 rows)

step wx1: INSERT INTO rum_tbl(tsv) values('qh');
step c1: COMMIT;
step wy2: INSERT INTO rum_tbl(tsv) values('hx');
step c2: COMMIT;

starting permutation: rxy1 rxy2 wx1 wy2 c1 c2
step rxy1: SELECT id, tsv FROM rum_tbl WHERE tsv @@ 'hx';
 id|tsv                                                                   
---+----------------------------------------------------------------------
 28|'aq':3 'eo':9 'ep':6 'fh':4 'hi':1 'hx':8 'jz':2 'pf':10 'xy':5 'zg':7
 96|'an':8 'be':9 'eo':5 'ep':2 'hx':4 'nw':7 'pf':6 'pv':10 'xy':1 'zg':3
163|'aq':5 'ep':8 'fh':6 'hi':3 'hx':10 'jz':4 'sa':1 'sr':2 'xy':7 'zg':9
231|'an':10 'aq':1 'eo':7 'ep':4 'fh':2 'hx':6 'nw':9 'pf':8 'xy':3 'zg':5
299|'an':6 'be':7 'eo':3 'hx':2 'jd':10 'nw':5 'pf':4 'pv':8 'sm':9 'zg':1
(5 rows)

step rxy2: SELECT id, tsv FROM rum_tbl WHERE tsv @@ 'qh';
 id|tsv                                                                   
---+----------------------------------------------------------------------
 10|'af':8 'iy':3 'kg':5 'ln':10 'lq':1 'po':7 'pp':4 'qh':2 'sx':6 'yw':9
 77|'da':3 'dr':4 'iy':9 'lq':7 'pp':10 'qh':8 'qj':2 'rs':1 'si':5 'uz':6
145|'af':10 'iy':5 'kg':7 'lq':3 'po':9 'pp':6 'qh':4 'si':1 'sx':8 'uz':2
212|'da':5 'dr':6 'hb':2 'kk':1 'lq':9 'qh':10 'qj':4 'rs':3 'si':7 'uz':8
280|'da':1 'dr':2 'iy':7 'kg':9 'lq':5 'pp':8 'qh':6 'si':3 'sx':10 'uz':4
(5 rows)

step wx1: INSERT INTO rum_tbl(tsv) values('qh');
step wy2: INSERT INTO rum_tbl(tsv) values('hx');
step c1: COMMIT;
step c2: COMMIT;

starting permutation: rxy1 rxy2 wx1 wy2 c2 c1
step rxy1: SELECT id, tsv FROM rum_tbl WHERE tsv @@ 'hx';
 id|tsv                                                                   
---+----------------------------------------------------------------------
 28|'aq':3 'eo':9 'ep':6 'fh':4 'hi':1 'hx':8 'jz':2 'pf':10 'xy':5 'zg':7
 96|'an':8 'be':9 'eo':5 'ep':2 'hx':4 'nw':7 'pf':6 'pv':10 'xy':1 'zg':3
163|'aq':5 'ep':8 'fh':6 'hi':3 'hx':10 'jz':4 'sa':1 'sr':2 'xy':7 'zg':9
231|'an':10 'aq':1 'eo':7 'ep':4 'fh':2 'hx':6 'nw':9 'pf':8 'xy':3 'zg':5
299|'an':6 'be':7 'eo':3 'hx':2 'jd':10 'nw':5 'pf':4 'pv':8 'sm':9 'zg':1
(5 rows)

step rxy2: SELECT id, tsv FROM rum_tbl WHERE tsv @@ 'qh';
 id|tsv                                                                   
---+----------------------------------------------------------------------
 10|'af':8 'iy':3 'kg':5 'ln':10 'lq':1 'po':7 'pp':4 'qh':2 'sx':6 'yw':9
 77|'da':3 'dr':4 'iy':9 'lq':7 'pp':10 'qh':8 'qj':2 'rs':1 'si':5 'uz':6
145|'af':10 'iy':5 'kg':7 'lq':3 'po':9 'pp':6 'qh':4 'si':1 'sx':8 'uz':2
212|'da':5 'dr':6 'hb':2 'kk':1 'lq':9 'qh':10 'qj':4 'rs':3 'si':7 'uz':8
280|'da':1 'dr':2 'iy':7 'kg':9 'lq':5 'pp':8 'qh':6 'si':3 'sx':10 'uz':4
(5 rows)

step wx1: INSERT INTO rum_tbl(tsv) values('qh');
step wy2: INSERT INTO rum_tbl(tsv) values('hx');
step c2: COMMIT;
step c1: COMMIT;

starting permutation: rxy1 rxy2 wy2 wx1 c1 c2
step rxy1: SELECT id, tsv FROM rum_tbl WHERE tsv @@ 'hx';
 id|tsv                                                                   
---+----------------------------------------------------------------------
 28|'aq':3 'eo':9 'ep':6 'fh':4 'hi':1 'hx':8 'jz':2 'pf':10 'xy':5 'zg':7
 96|'an':8 'be':9 'eo':5 'ep':2 'hx':4 'nw':7 'pf':6 'pv':10 'xy':1 'zg':3
163|'aq':5 'ep':8 'fh':6 'hi':3 'hx':10 'jz':4 'sa':1 'sr':2 'xy':7 'zg':9
231|'an':10 'aq':1 'eo':7 'ep':4 'fh':2 'hx':6 'nw':9 'pf':8 'xy':3 'zg':5
299|'an':6 'be':7 'eo':3 'hx':2 'jd':10 'nw':5 'pf':4 'pv':8 'sm':9 'zg':1
(5 rows)

step rxy2: SELECT id, tsv FROM rum_tbl WHERE tsv @@ 'qh';
 id|tsv                                                                   
---+----------------------------------------------------------------------
 10|'af':8 'iy':3 'kg':5 'ln':10 'lq':1 'po':7 'pp':4 'qh':2 'sx':6 'yw':9
 77|'da':3 'dr':4 'iy':9 'lq':7 'pp':10 'qh':8 'qj':2 'rs':1 'si':5 'uz':6
145|'af':10 'iy':5 'kg':7 'lq':3 'po':9 'pp':6 'qh':4 'si':1 'sx':8 'uz':2
212|'da':5 'dr':6 'hb':2 'kk':1 'lq':9 'qh':10 'qj':4 'rs':3 'si':7 'uz':8
280|'da':1 'dr':2 'iy':7 'kg':9 'lq':5 'pp':8 'qh':6 'si':3 'sx':10 'uz':4
(5 rows)

step wy2: INSERT INTO rum_tbl(tsv) values('hx');
step wx1: INSERT INTO rum_tbl(tsv) values('qh');
step c1: COMMIT;
step c2: COMMIT;

starting permutation: rxy1 rxy2 wy2 wx1 c2 c1
step rxy1: SELECT id, tsv FROM rum_tbl WHERE tsv @@ 'hx';
 id|tsv                                                                   
---+----------------------------------------------------------------------
 28|'aq':3 'eo':9 'ep':6 'fh':4 'hi':1 'hx':8 'jz':2 'pf':10 'xy':5 'zg':7
 96|'an':8 'be':9 'eo':5 'ep':2 'hx':4 'nw':7 'pf':6 'pv':10 'xy':1 'zg':3
163|'aq':5 'ep':8 'fh':6 'hi':3 'hx':10 'jz':4 'sa':1 'sr':2 'xy':7 'zg':9
231|'an':10 'aq':1 'eo':7 'ep':4 'fh':2 'hx':6 'nw':9 'pf':8 'xy':3 'zg':5
299|'an':6 'be':7 'eo':3 'hx':2 'jd':10 'nw':5 'pf':4 'pv':8 'sm':9 'zg':1
(5 rows)

step rxy2: SELECT id, tsv FROM rum_tbl WHERE tsv @@ 'qh';
 id|tsv                                                                   
---+----------------------------------------------------------------------
 10|'af':8 'iy':3 'kg':5 'ln':10 'lq':1 'po':7 'pp':4 'qh':2 'sx':6 'yw':9
 77|'da':3 'dr':4 'iy':9 'lq':7 'pp':10 'qh':8 'qj':2 'rs':1 'si':5 'uz':6
145|'af':10 'iy':5 'kg':7 'lq':3 'po':9 'pp':6 'qh':4 'si':1 'sx':8 'uz':2
212|'da':5 'dr':6 'hb':2 'kk':1 'lq':9 'qh':10 'qj':4 'rs':3 'si':7 'uz':8
280|'da':1 'dr':2 'iy':7 'kg':9 'lq':5 'pp':8 'qh':6 'si':3 'sx':10 'uz':4
(5 rows)

step wy2: INSERT INTO rum_tbl(tsv) values('hx');
step wx1: INSERT INTO rum_tbl(tsv) values('qh');
step c2: COMMIT;
step c1: COMMIT;

starting permutation: rxy1 rxy2 wy2 c2 wx1 c1
step rxy1: SELECT id, tsv FROM rum_tbl WHERE tsv @@ 'hx';
 id|tsv                                                                   
---+----------------------------------------------------------------------
 28|'aq':3 'eo':9 'ep':6 'fh':4 'hi':1 'hx':8 'jz':2 'pf':10 'xy':5 'zg':7
 96|'an':8 'be':9 'eo':5 'ep':2 'hx':4 'nw':7 'pf':6 'pv':10 'xy':1 'zg':3
163|'aq':5 'ep':8 'fh':6 'hi':3 'hx':10 'jz':4 'sa':1 'sr':2 'xy':7 'zg':9
231|'an':10 'aq':1 'eo':7 'ep':4 'fh':2 'hx':6 'nw':9 'pf':8 'xy':3 'zg':5
299|'an':6 'be':7 'eo':3 'hx':2 'jd':10 'nw':5 'pf':4 'pv':8 'sm':9 'zg':1
(5 rows)

step rxy2: SELECT id, tsv FROM rum_tbl WHERE tsv @@ 'qh';
 id|tsv                                                                   
---+----------------------------------------------------------------------
 10|'af':8 'iy':3 'kg':5 'ln':10 'lq':1 'po':7 'pp':4 'qh':2 'sx':6 'yw':9
 77|'da':3 'dr':4 'iy':9 'lq':7 'pp':10 'qh':8 'qj':2 'rs':1 'si':5 'uz':6
145|'af':10 'iy':5 'kg':7 'lq':3 'po':9 'pp':6 'qh':4 'si':1 'sx':8 'uz':2
212|'da':5 'dr':6 'hb':2 'kk':1 'lq':9 'qh':10 'qj':4 'rs':3 'si':7 'uz':8
280|'da':1 'dr':2 'iy':7 'kg':9 'lq':5 'pp':8 'qh':6 'si':3 'sx':10 'uz':4
(5 rows)

step wy2: INSERT INTO rum_tbl(tsv) values('hx');
step c2: COMMIT;
step wx1: INSERT INTO rum_tbl(tsv) values('qh');
step c1: COMMIT;

starting permutation: rxy2 rxy1 wx1 c1 wy2 c2
step rxy2: SELECT id, tsv FROM rum_tbl WHERE tsv @@ 'qh';
 id|tsv                                                                   
---+----------------------------------------------------------------------
 10|'af':8 'iy':3 'kg':5 'ln':10 'lq':1 'po':7 'pp':4 'qh':2 'sx':6 'yw':9
 77|'da':3 'dr':4 'iy':9 'lq':7 'pp':10 'qh':8 'qj':2 'rs':1 'si':5 'uz':6
145|'af':10 'iy':5 'kg':7 'lq':3 'po':9 'pp':6 'qh':4 'si':1 'sx':8 'uz':2
212|'da':5 'dr':6 'hb':2 'kk':1 'lq':9 'qh':10 'qj':4 'rs':3 'si':7 'uz':8
280|'da':1 'dr':2 'iy':7 'kg':9 'lq':5 'pp':8 'qh':6 'si':3 'sx':10 'uz':4
(5 rows)

step rxy1: SELECT id, tsv FROM rum_tbl WHERE tsv @@ 'hx';
 id|tsv                                                                   
---+----------------------------------------------------------------------
 28|'aq':3 'eo':9 'ep':6 'fh':4 'hi':1 'hx':8 'jz':2 'pf':10 'xy':5 'zg':7
 96|'an':8 'be':9 'eo':5 'ep':2 'hx':4 'nw':7 'pf':6 'pv':10 'xy':1 'zg':3
163|'aq':5 'ep':8 'fh':6 'hi':3 'hx':10 'jz':4 'sa':1 'sr':2 'xy':7 'zg':9
231|'an':10 'aq':1 'eo':7 'ep':4 'fh':2 'hx':6 'nw':9 'pf':8 'xy':3 'zg':5
299|'an':6 'be':7 'eo':3 'hx':2 'jd':10 'nw':5 'pf':4 'pv':8 'sm':9 'zg':1
(5 rows)

step wx1: INSERT INTO rum_tbl(tsv) values('qh');
step c1: COMMIT;
step wy2: INSERT INTO rum_tbl(tsv) values('hx');
step c2: COMMIT;

starting permutation: rxy2 rxy1 wx1 wy2 c1 c2
step rxy2: SELECT id, tsv FROM rum_tbl WHERE tsv @@ 'qh';
 id|tsv                                                                   
---+----------------------------------------------------------------------
 10|'af':8 'iy':3 'kg':5 'ln':10 'lq':1 'po':7 'pp':4 'qh':2 'sx':6 'yw':9
 77|'da':3 'dr':4 'iy':9 'lq':7 'pp':10 'qh':8 'qj':2 'rs':1 'si':5 'uz':6
145|'af':10 'iy':5 'kg':7 'lq':3 'po':9 'pp':6 'qh':4 'si':1 'sx':8 'uz':2
212|'da':5 'dr':6 'hb':2 'kk':1 'lq':9 'qh':10 'qj':4 'rs':3 'si':7 'uz':8
280|'da':1 'dr':2 'iy':7 'kg':9 'lq':5 'pp':8 'qh':6 'si':3 'sx':10 'uz':4
(5 rows)

step rxy1: SELECT id, tsv FROM rum_tbl WHERE tsv @@ 'hx';
 id|tsv                                                                   
---+----------------------------------------------------------------------
 28|'aq':3 'eo':9 'ep':6 'fh':4 'hi':1 'hx':8 'jz':2 'pf':10 'xy':5 'zg':7
 96|'an':8 'be':9 'eo':5 'ep':2 'hx':4 'nw':7 'pf':6 'pv':10 'xy':1 'zg':3
163|'aq':5 'ep':8 'fh':6 'hi':3 'hx':10 'jz':4 'sa':1 'sr':2 'xy':7 'zg':9
231|'an':10 'aq':1 'eo':7 'ep':4 'fh':2 'hx':6 'nw':9 'pf':8 'xy':3 'zg':5
299|'an':6 'be':7 'eo':3 'hx':2 'jd':10 'nw':5 'pf':4 'pv':8 'sm':9 'zg':1
(5 rows)

step wx1: INSERT INTO rum_tbl(tsv) values('qh');
step wy2: INSERT INTO rum_tbl(tsv) values('hx');
step c1: COMMIT;
step c2: COMMIT;

starting permutation: rxy2 rxy1 wx1 wy2 c2 c1
step rxy2: SELECT id, tsv FROM rum_tbl WHERE tsv @@ 'qh';
 id|tsv                                                                   
---+----------------------------------------------------------------------
 10|'af':8 'iy':3 'kg':5 'ln':10 'lq':1 'po':7 'pp':4 'qh':2 'sx':6 'yw':9
 77|'da':3 'dr':4 'iy':9 'lq':7 'pp':10 'qh':8 'qj':2 'rs':1 'si':5 'uz':6
145|'af':10 'iy':5 'kg':7 'lq':3 'po':9 'pp':6 'qh':4 'si':1 'sx':8 'uz':2
212|'da':5 'dr':6 'hb':2 'kk':1 'lq':9 'qh':10 'qj':4 'rs':3 'si':7 'uz':8
280|'da':1 'dr':2 'iy':7 'kg':9 'lq':5 'pp':8 'qh':6 'si':3 'sx':10 'uz':4
(5 rows)

step rxy1: SELECT id, tsv FROM rum_tbl WHERE tsv @@ 'hx';
 id|tsv                                                                   
---+----------------------------------------------------------------------
 28|'aq':3 'eo':9 'ep':6 'fh':4 'hi':1 'hx':8 'jz':2 'pf':10 'xy':5 'zg':7
 96|'an':8 'be':9 'eo':5 'ep':2 'hx':4 'nw':7 'pf':6 'pv':10 'xy':1 'zg':3
163|'aq':5 'ep':8 'fh':6 'hi':3 'hx':10 'jz':4 'sa':1 'sr':2 'xy':7 'zg':9
231|'an':10 'aq':1 'eo':7 'ep':4 'fh':2 'hx':6 'nw':9 'pf':8 'xy':3 'zg':5
299|'an':6 'be':7 'eo':3 'hx':2 'jd':10 'nw':5 'pf':4 'pv':8 'sm':9 'zg':1
(5 rows)

step wx1: INSERT INTO rum_tbl(tsv) values('qh');
step wy2: INSERT INTO rum_tbl(tsv) values('hx');
step c2: COMMIT;
step c1: COMMIT;

starting permutation: rxy2 rxy1 wy2 wx1 c1 c2
step rxy2: SELECT id, tsv FROM rum_tbl WHERE tsv @@ 'qh';
 id|tsv                                                                   
---+----------------------------------------------------------------------
 10|'af':8 'iy':3 'kg':5 'ln':10 'lq':1 'po':7 'pp':4 'qh':2 'sx':6 'yw':9
 77|'da':3 'dr':4 'iy':9 'lq':7 'pp':10 'qh':8 'qj':2 'rs':1 'si':5 'uz':6
145|'af':10 'iy':5 'kg':7 'lq':3 'po':9 'pp':6 'qh':4 'si':1 'sx':8 'uz':2
212|'da':5 'dr':6 'hb':2 'kk':1 'lq':9 'qh':10 'qj':4 'rs':3 'si':7 'uz':8
280|'da':1 'dr':2 'iy':7 'kg':9 'lq':5 'pp':8 'qh':6 'si':3 'sx':10 'uz':4
(5 rows)

step rxy1: SELECT id, tsv FROM rum_tbl WHERE tsv @@ 'hx';
 id|tsv                                                                   
---+----------------------------------------------------------------------
 28|'aq':3 'eo':9 'ep':6 'fh':4 'hi':1 'hx':8 'jz':2 'pf':10 'xy':5 'zg':7
 96|'an':8 'be':9 'eo':5 'ep':2 'hx':4 'nw':7 'pf':6 'pv':10 'xy':1 'zg':3
163|'aq':5 'ep':8 'fh':6 'hi':3 'hx':10 'jz':4 'sa':1 'sr':2 'xy':7 'zg':9
231|'an':10 'aq':1 'eo':7 'ep':4 'fh':2 'hx':6 'nw':9 'pf':8 'xy':3 'zg':5
299|'an':6 'be':7 'eo':3 'hx':2 'jd':10 'nw':5 'pf':4 'pv':8 'sm':9 'zg':1
(5 rows)

step wy2: INSERT INTO rum_tbl(tsv) values('hx');
step wx1: INSERT INTO rum_tbl(tsv) values('qh');
step c1: COMMIT;
step c2: COMMIT;

starting permutation: rxy2 rxy1 wy2 wx1 c2 c1
step rxy2: SELECT id, tsv FROM rum_tbl WHERE tsv @@ 'qh';
 id|tsv                                                                   
---+----------------------------------------------------------------------
 10|'af':8 'iy':3 'kg':5 'ln':10 'lq':1 'po':7 'pp':4 'qh':2 'sx':6 'yw':9
 77|'da':3 'dr':4 'iy':9 'lq':7 'pp':10 'qh':8 'qj':2 'rs':1 'si':5 'uz':6
145|'af':10 'iy':5 'kg':7 'lq':3 'po':9 'pp':6 'qh':4 'si':1 'sx':8 'uz':2
212|'da':5 'dr':6 'hb':2 'kk':1 'lq':9 'qh':10 'qj':4 'rs':3 'si':7 'uz':8
280|'da':1 'dr':2 'iy':7 'kg':9 'lq':5 'pp':8 'qh':6 'si':3 'sx':10 'uz':4
(5 rows)

step rxy1: SELECT id, tsv FROM rum_tbl WHERE tsv @@ 'hx';
 id|tsv                                                                   
---+----------------------------------------------------------------------
 28|'aq':3 'eo':9 'ep':6 'fh':4 'hi':1 'hx':8 'jz':2 'pf':10 'xy':5 'zg':7
 96|'an':8 'be':9 'eo':5 'ep':2 'hx':4 'nw':7 'pf':6 'pv':10 'xy':1 'zg':3
163|'aq':5 'ep':8 'fh':6 'hi':3 'hx':10 'jz':4 'sa':1 'sr':2 'xy':7 'zg':9
231|'an':10 'aq':1 'eo':7 'ep':4 'fh':2 'hx':6 'nw':9 'pf':8 'xy':3 'zg':5
299|'an':6 'be':7 'eo':3 'hx':2 'jd':10 'nw':5 'pf':4 'pv':8 'sm':9 'zg':1
(5 rows)

step wy2: INSERT INTO rum_tbl(tsv) values('hx');
step wx1: INSERT INTO rum_tbl(tsv) values('qh');
step c2: COMMIT;
step c1: COMMIT;

starting permutation: rxy2 rxy1 wy2 c2 wx1 c1
step rxy2: SELECT id, tsv FROM rum_tbl WHERE tsv @@ 'qh';
 id|tsv                                                                   
---+----------------------------------------------------------------------
 10|'af':8 'iy':3 'kg':5 'ln':10 'lq':1 'po':7 'pp':4 'qh':2 'sx':6 'yw':9
 77|'da':3 'dr':4 'iy':9 'lq':7 'pp':10 'qh':8 'qj':2 'rs':1 'si':5 'uz':6
145|'af':10 'iy':5 'kg':7 'lq':3 'po':9 'pp':6 'qh':4 'si':1 'sx':8 'uz':2
212|'da':5 'dr':6 'hb':2 'kk':1 'lq':9 'qh':10 'qj':4 'rs':3 'si':7 'uz':8
280|'da':1 'dr':2 'iy':7 'kg':9 'lq':5 'pp':8 'qh':6 'si':3 'sx':10 'uz':4
(5 rows)

step rxy1: SELECT id, tsv FROM rum_tbl WHERE tsv @@ 'hx';
 id|tsv                                                                   
---+----------------------------------------------------------------------
 28|'aq':3 'eo':9 'ep':6 'fh':4 'hi':1 'hx':8 'jz':2 'pf':10 'xy':5 'zg':7
 96|'an':8 'be':9 'eo':5 'ep':2 'hx':4 'nw':7 'pf':6 'pv':10 'xy':1 'zg':3
163|'aq':5 'ep':8 'fh':6 'hi':3 'hx':10 'jz':4 'sa':1 'sr':2 'xy':7 'zg':9
231|'an':10 'aq':1 'eo':7 'ep':4 'fh':2 'hx':6 'nw':9 'pf':8 'xy':3 'zg':5
299|'an':6 'be':7 'eo':3 'hx':2 'jd':10 'nw':5 'pf':4 'pv':8 'sm':9 'zg':1
(5 rows)

step wy2: INSERT INTO rum_tbl(tsv) values('hx');
step c2: COMMIT;
step wx1: INSERT INTO rum_tbl(tsv) values('qh');
step c1: COMMIT;

starting permutation: rxy2 wy2 rxy1 wx1 c1 c2
step rxy2: SELECT id, tsv FROM rum_tbl WHERE tsv @@ 'qh';
 id|tsv                                                                   
---+----------------------------------------------------------------------
 10|'af':8 'iy':3 'kg':5 'ln':10 'lq':1 'po':7 'pp':4 'qh':2 'sx':6 'yw':9
 77|'da':3 'dr':4 'iy':9 'lq':7 'pp':10 'qh':8 'qj':2 'rs':1 'si':5 'uz':6
145|'af':10 'iy':5 'kg':7 'lq':3 'po':9 'pp':6 'qh':4 'si':1 'sx':8 'uz':2
212|'da':5 'dr':6 'hb':2 'kk':1 'lq':9 'qh':10 'qj':4 'rs':3 'si':7 'uz':8
280|'da':1 'dr':2 'iy':7 'kg':9 'lq':5 'pp':8 'qh':6 'si':3 'sx':10 'uz':4
(5 rows)

step wy2: INSERT INTO rum_tbl(tsv) values('hx');
step rxy1: SELECT id, tsv FROM rum_tbl WHERE tsv @@ 'hx';
 id|tsv                                                                   
---+----------------------------------------------------------------------
 28|'aq':3 'eo':9 'ep':6 'fh':4 'hi':1 'hx':8 'jz':2 'pf':10 'xy':5 'zg':7
 96|'an':8 'be':9 'eo':5 'ep':2 'hx':4 'nw':7 'pf':6 'pv':10 'xy':1 'zg':3
163|'aq':5 'ep':8 'fh':6 'hi':3 'hx':10 'jz':4 'sa':1 'sr':2 'xy':7 'zg':9
231|'an':10 'aq':1 'eo':7 'ep':4 'fh':2 'hx':6 'nw':9 'pf':8 'xy':3 'zg':5
299|'an':6 'be':7 'eo':3 'hx':2 'jd':10 'nw':5 'pf':4 'pv':8 'sm':9 'zg':1
(5 rows)

step wx1: INSERT INTO rum_tbl(tsv) values('qh');
step c1: COMMIT;
step c2: COMMIT;

starting permutation: rxy2 wy2 rxy1 wx1 c2 c1
step rxy2: SELECT id, tsv FROM rum_tbl WHERE tsv @@ 'qh';
 id|tsv                                                                   
---+----------------------------------------------------------------------
 10|'af':8 'iy':3 'kg':5 'ln':10 'lq':1 'po':7 'pp':4 'qh':2 'sx':6 'yw':9
 77|'da':3 'dr':4 'iy':9 'lq':7 'pp':10 'qh':8 'qj':2 'rs':1 'si':5 'uz':6
145|'af':10 'iy':5 'kg':7 'lq':3 'po':9 'pp':6 'qh':4 'si':1 'sx':8 'uz':2
212|'da':5 'dr':6 'hb':2 'kk':1 'lq':9 'qh':10 'qj':4 'rs':3 'si':7 'uz':8
280|'da':1 'dr':2 'iy':7 'kg':9 'lq':5 'pp':8 'qh':6 'si':3 'sx':10 'uz':4
(5 rows)

step wy2: INSERT INTO rum_tbl(tsv) values('hx');
step rxy1: SELECT id, tsv FROM rum_tbl WHERE tsv @@ 'hx';
 id|tsv                                                                   
---+----------------------------------------------------------------------
 28|'aq':3 'eo':9 'ep':6 'fh':4 'hi':1 'hx':8 'jz':2 'pf':10 'xy':5 'zg':7
 96|'an':8 'be':9 'eo':5 'ep':2 'hx':4 'nw':7 'pf':6 'pv':10 'xy':1 'zg':3
163|'aq':5 'ep':8 'fh':6 'hi':3 'hx':10 'jz':4 'sa':1 'sr':2 'xy':7 'zg':9
231|'an':10 'aq':1 'eo':7 'ep':4 'fh':2 'hx':6 'nw':9 'pf':8 'xy':3 'zg':5
299|'an':6 'be':7 'eo':3 'hx':2 'jd':10 'nw':5 'pf':4 'pv':8 'sm':9 'zg':1
(5 rows)

step wx1: INSERT INTO rum_tbl(tsv) values('qh');
step c2: COMMIT;
step c1: COMMIT;

starting permutation: rxy2 wy2 rxy1 c2 wx1 c1
step rxy2: SELECT id, tsv FROM rum_tbl WHERE tsv @@ 'qh';
 id|tsv                                                                   
---+----------------------------------------------------------------------
 10|'af':8 'iy':3 'kg':5 'ln':10 'lq':1 'po':7 'pp':4 'qh':2 'sx':6 'yw':9
 77|'da':3 'dr':4 'iy':9 'lq':7 'pp':10 'qh':8 'qj':2 'rs':1 'si':5 'uz':6
145|'af':10 'iy':5 'kg':7 'lq':3 'po':9 'pp':6 'qh':4 'si':1 'sx':8 'uz':2
212|'da':5 'dr':6 'hb':2 'kk':1 'lq':9 'qh':10 'qj':4 'rs':3 'si':7 'uz':8
280|'da':1 'dr':2 'iy':7 'kg':9 'lq':5 'pp':8 'qh':6 'si':3 'sx':10 'uz':4
(5 rows)

step wy2: INSERT INTO rum_tbl(tsv) values('hx');
step rxy1: SELECT id, tsv FROM rum_tbl WHERE tsv @@ 'hx';
 id|tsv                                                                   
---+----------------------------------------------------------------------
 28|'aq':3 'eo':9 'ep':6 'fh':4 'hi':1 'hx':8 'jz':2 'pf':10 'xy':5 'zg':7
 96|'an':8 'be':9 'eo':5 'ep':2 'hx':4 'nw':7 'pf':6 'pv':10 'xy':1 'zg':3
163|'aq':5 'ep':8 'fh':6 'hi':3 'hx':10 'jz':4 'sa':1 'sr':2 'xy':7 'zg':9
231|'an':10 'aq':1 'eo':7 'ep':4 'fh':2 'hx':6 'nw':9 'pf':8 'xy':3 'zg':5
299|'an':6 'be':7 'eo':3 'hx':2 'jd':10 'nw':5 'pf':4 'pv':8 'sm':9 'zg':1
(5 rows)

step c2: COMMIT;
step wx1: INSERT INTO rum_tbl(tsv) values('qh');
step c1: COMMIT;

starting permutation: rxy2 wy2 c2 rxy1 wx1 c1
step rxy2: SELECT id, tsv FROM rum_tbl WHERE tsv @@ 'qh';
 id|tsv                                                                   
---+----------------------------------------------------------------------
 10|'af':8 'iy':3 'kg':5 'ln':10 'lq':1 'po':7 'pp':4 'qh':2 'sx':6 'yw':9
 77|'da':3 'dr':4 'iy':9 'lq':7 'pp':10 'qh':8 'qj':2 'rs':1 'si':5 'uz':6
145|'af':10 'iy':5 'kg':7 'lq':3 'po':9 'pp':6 'qh':4 'si':1 'sx':8 'uz':2
212|'da':5 'dr':6 'hb':2 'kk':1 'lq':9 'qh':10 'qj':4 'rs':3 'si':7 'uz':8
280|'da':1 'dr':2 'iy':7 'kg':9 'lq':5 'pp':8 'qh':6 'si':3 'sx':10 'uz':4
(5 rows)

step wy2: INSERT INTO rum_tbl(tsv) values('hx');
step c2: COMMIT;
step rxy1: SELECT id, tsv FROM rum_tbl WHERE tsv @@ 'hx';
 id|tsv                                                                   
---+----------------------------------------------------------------------
 28|'aq':3 'eo':9 'ep':6 'fh':4 'hi':1 'hx':8 'jz':2 'pf':10 'xy':5 'zg':7
 96|'an':8 'be':9 'eo':5 'ep':2 'hx':4 'nw':7 'pf':6 'pv':10 'xy':1 'zg':3
163|'aq':5 'ep':8 'fh':6 'hi':3 'hx':10 'jz':4 'sa':1 'sr':2 'xy':7 'zg':9
231|'an':10 'aq':1 'eo':7 'ep':4 'fh':2 'hx':6 'nw':9 'pf':8 'xy':3 'zg':5
299|'an':6 'be':7 'eo':3 'hx':2 'jd':10 'nw':5 'pf':4 'pv':8 'sm':9 'zg':1
339|'hx'                                                                  
(6 rows)

step wx1: INSERT INTO rum_tbl(tsv) values('qh');
step c1: COMMIT;
